// Jest Snapshot v1, https://goo.gl/fbAQLP

exports[`ActivePost should render 1`] = `
<DocumentFragment>
  .c0 {
  -webkit-flex: 1;
  -ms-flex: 1;
  flex: 1;
  position: fixed;
  top: 0;
  width: calc(100% - 500px);
  height: 100%;
  margin-left: 500px;
}

.c1 {
  margin: 1rem;
  padding: 0;
  line-height: 1;
  text-align: center;
}

.c2 {
  display: block;
  margin: 0 auto;
}

<div
    class="c0"
  >
    <h3
      class="c1"
    >
      111 title
    </h3>
    <img
      class="c2"
      src="https://image1111.com"
    />
  </div>
</DocumentFragment>
`;
