// Jest Snapshot v1, https://goo.gl/fbAQLP

exports[`Layout should render 1`] = `
<DocumentFragment>
  .c0 {
  width: 100%;
  height: 100%;
  display: -webkit-box;
  display: -webkit-flex;
  display: -ms-flexbox;
  display: flex;
  -webkit-flex-direction: row;
  -ms-flex-direction: row;
  flex-direction: row;
}

.c2 {
  width: 100%;
  padding: 1rem;
  border-bottom: 1px solid;
}

.c3 {
  display: grid;
  grid-template-columns: repeat(2,min-content);
  -webkit-align-items: center;
  -webkit-box-align: center;
  -ms-flex-align: center;
  align-items: center;
  -webkit-column-gap: 1rem;
  column-gap: 1rem;
}

.c4 {
  margin: 0;
  padding: 0;
  line-height: 1;
  white-space: nowrap;
}

.c5 {
  margin: 1rem 0;
  color: 60;
  white-space: nowrap;
}

.c6 {
  display: grid;
  grid-template-columns: 100px 1fr;
  -webkit-align-items: center;
  -webkit-box-align: center;
  -ms-flex-align: center;
  align-items: center;
  -webkit-column-gap: 1rem;
  column-gap: 1rem;
  margin-top: 1rem;
}

.c7 {
  width: 100px;
  height: 100px;
}

.c8 {
  margin: 0;
  padding: 0;
  line-height: 1;
}

.c9 {
  display: grid;
  grid-template-columns: repeat(2,min-content);
  -webkit-box-pack: justify;
  -webkit-justify-content: space-between;
  -ms-flex-pack: justify;
  justify-content: space-between;
  -webkit-align-items: center;
  -webkit-box-align: center;
  -ms-flex-align: center;
  align-items: center;
  margin-top: 1rem;
}

.c10 {
  display: grid;
  grid-template-columns: repeat(2,min-content);
  white-space: nowrap;
  border: 1px solid;
  cursor: pointer;
}

.c11 {
  white-space: nowrap;
}

.c1 {
  width: 500px;
  border-right: 1px solid;
}

.c12 {
  -webkit-flex: 1;
  -ms-flex: 1;
  flex: 1;
  position: fixed;
  top: 0;
  width: calc(100% - 500px);
  height: 100%;
  margin-left: 500px;
}

<main
    class="c0"
  >
    <div
      class="c1"
    >
      <div
        class="c2"
      >
        <div
          class="c3"
        >
          <h3
            class="c4"
          >
            111 author
          </h3>
          <h5
            class="c5"
          >
            5/5/1970, 9:00:00 PM
          </h5>
        </div>
        <div
          class="c6"
        >
          <img
            class="c7"
            src="https://image1111.com"
          />
          <p
            class="c8"
          >
            111 title
          </p>
        </div>
        <div
          class="c9"
        >
          <button
            class="c10"
          >
            Dismiss Post
          </button>
          <span
            class="c11"
          >
             0 Comments
          </span>
        </div>
      </div>
      <div
        class="c2"
      >
        <div
          class="c3"
        >
          <h3
            class="c4"
          >
            222 author
          </h3>
          <h5
            class="c5"
          >
            5/5/1970, 9:00:00 PM
          </h5>
        </div>
        <div
          class="c6"
        >
          <img
            class="c7"
            src="https://image222.com"
          />
          <p
            class="c8"
          >
            222 title
          </p>
        </div>
        <div
          class="c9"
        >
          <button
            class="c10"
          >
            Dismiss Post
          </button>
          <span
            class="c11"
          >
             0 Comments
          </span>
        </div>
      </div>
      <div
        class="c2"
      >
        <div
          class="c3"
        >
          <h3
            class="c4"
          >
            333 author
          </h3>
          <h5
            class="c5"
          >
            5/5/1970, 9:00:00 PM
          </h5>
        </div>
        <div
          class="c6"
        >
          <img
            class="c7"
            src="https://image333.com"
          />
          <p
            class="c8"
          >
            333 title
          </p>
        </div>
        <div
          class="c9"
        >
          <button
            class="c10"
          >
            Dismiss Post
          </button>
          <span
            class="c11"
          >
             0 Comments
          </span>
        </div>
      </div>
      <div
        class="c2"
      >
        <div
          class="c3"
        >
          <h3
            class="c4"
          >
            444 author
          </h3>
          <h5
            class="c5"
          >
            5/5/1970, 9:00:00 PM
          </h5>
        </div>
        <div
          class="c6"
        >
          <img
            class="c7"
            src="https://image444.com"
          />
          <p
            class="c8"
          >
            444 title
          </p>
        </div>
        <div
          class="c9"
        >
          <button
            class="c10"
          >
            Dismiss Post
          </button>
          <span
            class="c11"
          >
             0 Comments
          </span>
        </div>
      </div>
      <div
        class="c2"
      >
        <div
          class="c3"
        >
          <h3
            class="c4"
          >
            555 author
          </h3>
          <h5
            class="c5"
          >
            5/5/1970, 9:00:00 PM
          </h5>
        </div>
        <div
          class="c6"
        >
          <img
            class="c7"
            src="https://image555.com"
          />
          <p
            class="c8"
          >
            555 title
          </p>
        </div>
        <div
          class="c9"
        >
          <button
            class="c10"
          >
            Dismiss Post
          </button>
          <span
            class="c11"
          >
             0 Comments
          </span>
        </div>
      </div>
    </div>
    <div
      class="c12"
    />
  </main>
</DocumentFragment>
`;
